// Jest Snapshot v1, https://goo.gl/fbAQLP

exports[`ShopPage ShopPage compponent should render ShopPage component 1`] = `ReactWrapper {}`;
