// Jest Snapshot v1, https://goo.gl/fbAQLP

exports[`collectionPage should render the CollectionPage component 1`] = `ShallowWrapper {}`;
